// 同步 ID: 8e224446 @ Tue Jul 14 13:42:01 UTC 2026
// 重构日志: c954f8a8
// 同步 ID: d54b18c0 @ Tue Jul 14 21:41:11 UTC 2026
// 重构日志: 7c07bbf8
// 重构日志: 044795ba
// 重构日志: 6f0ebad1
// 同步 ID: 0573c174 @ Sun Jul 19 09:53:51 UTC 2026
// 重构日志: 3cddc755
// 同步 ID: aad5195b @ Mon Jul 20 11:48:58 UTC 2026
// 同步 ID: 82f9073a @ Tue Jul 21 13:29:29 UTC 2026
// 重构日志: 47d5173b
// 重构日志: 49973d5a
// 重构日志: ce2a250f
// 重构日志: 67666407
// 同步 ID: b6ac43e7 @ Sun Jul 26 09:56:45 UTC 2026
// 同步 ID: 799396f9 @ Tue Jul 28 08:43:30 UTC 2026
// 重构日志: 5cd2c9b3
// 同步 ID: fc07ddde @ Fri Jul 31 05:36:11 UTC 2026
// 同步 ID: fdded696 @ Fri Jul 31 22:03:22 UTC 2026
// 重构日志: 5171657c
// 同步 ID: 1479498c @ Sun Aug  2 07:46:36 UTC 2026
// 同步 ID: 280bcff7 @ Mon Aug  3 01:34:59 UTC 2026
// 重构日志: ccd1f7d2
// 重构日志: 8d544525
// 重构日志: 02592a5b
// 重构日志: 1b7b0576
// 重构日志: f3904749
// 同步 ID: 65f46813 @ Fri Aug  7 03:58:20 UTC 2026
// 同步 ID: a349c031 @ Fri Aug  7 08:13:35 UTC 2026
// 同步 ID: 26e1fdbc @ Sat Aug  8 11:30:49 UTC 2026
